  epoch    kl       lr    tr_loss    tr_acc    te_loss    te_acc    sp_0    sp_1    sp_2    time
-------  ----  -------  ---------  --------  ---------  --------  ------  ------  ------  ------
      1  0.04  1.0e-03    2.5e+02      91.1    1.3e+02      96.1   0.342   0.120   0.035   16.08
      2  0.06  1.0e-03    1.3e+02      96.5    1.1e+02      97.0   0.442   0.192   0.050   15.30
      3  0.08  1.0e-03    1.1e+02      97.3    9.7e+01      97.4   0.542   0.277   0.057   15.27
      4  0.10  1.0e-03    9.4e+01      97.8    9.9e+01      97.3   0.610   0.330   0.071   14.99
      5  0.12  1.0e-03    8.8e+01      98.0    8.9e+01      97.7   0.639   0.390   0.063   15.06
      6  0.14  1.0e-03    8.1e+01      98.3    8.7e+01      97.8   0.702   0.441   0.088   15.21
      7  0.16  1.0e-03    7.9e+01      98.3    8.0e+01      98.3   0.749   0.470   0.087   15.33
      8  0.18  1.0e-03    7.7e+01      98.4    8.3e+01      98.0   0.766   0.492   0.077   15.00
      9  0.20  1.0e-03    7.5e+01      98.4    8.4e+01      98.1   0.796   0.521   0.109   14.93
     10  0.22  1.0e-03    7.5e+01      98.5    8.1e+01      98.1   0.807   0.544   0.114   15.12
     11  0.24  1.0e-03    7.6e+01      98.4    8.0e+01      98.1   0.816   0.571   0.114   15.12
     12  0.26  1.0e-03    7.5e+01      98.5    8.3e+01      98.2   0.829   0.587   0.125   15.06
     13  0.28  1.0e-03    7.5e+01      98.5    8.0e+01      98.4   0.838   0.603   0.131   15.26
     14  0.30  1.0e-03    7.5e+01      98.5    8.3e+01      98.3   0.854   0.618   0.149   14.97
     15  0.32  1.0e-03    7.6e+01      98.4    8.1e+01      98.3   0.858   0.618   0.143   14.71
     16  0.34  1.0e-03    7.6e+01      98.5    8.1e+01      98.2   0.859   0.625   0.157   15.25
     17  0.36  1.0e-03    7.6e+01      98.5    8.2e+01      98.3   0.866   0.631   0.165   14.55
     18  0.38  1.0e-03    7.6e+01      98.5    8.7e+01      98.2   0.868   0.656   0.176   14.44
     19  0.40  1.0e-03    7.8e+01      98.5    8.4e+01      98.3   0.875   0.670   0.176   14.37
     20  0.42  1.0e-03    7.9e+01      98.4    8.5e+01      98.3   0.880   0.673   0.175   14.38
     21  0.44  1.0e-03    8.0e+01      98.4    8.3e+01      98.4   0.887   0.689   0.207   14.55
     22  0.46  1.0e-03    7.9e+01      98.5    8.4e+01      98.5   0.886   0.699   0.217   14.58
     23  0.48  1.0e-03    8.0e+01      98.4    8.7e+01      98.3   0.888   0.698   0.179   14.66
     24  0.50  1.0e-03    8.0e+01      98.5    8.6e+01      98.3   0.896   0.720   0.225   14.95
     25  0.52  1.0e-03    8.2e+01      98.4    8.8e+01      98.3   0.892   0.720   0.212   15.88
     26  0.54  1.0e-03    8.1e+01      98.4    8.6e+01      98.3   0.901   0.719   0.222   16.19
     27  0.56  1.0e-03    8.1e+01      98.4    8.8e+01      98.4   0.906   0.731   0.220   16.84
     28  0.58  1.0e-03    8.2e+01      98.4    8.4e+01      98.5   0.911   0.759   0.249   17.26
     29  0.60  1.0e-03    8.2e+01      98.4    9.0e+01      98.2   0.911   0.746   0.239   16.74
     30  0.62  1.0e-05    7.4e+01      98.8    8.2e+01      98.4   0.927   0.812   0.291   16.49
     31  0.64  1.0e-04    6.9e+01      99.0    8.1e+01      98.5   0.937   0.854   0.352   16.37
     32  0.66  1.0e-04    6.9e+01      98.9    8.0e+01      98.5   0.943   0.877   0.410   16.47
     33  0.68  1.0e-04    7.0e+01      98.9    8.1e+01      98.5   0.947   0.890   0.421   16.60
     34  0.70  1.0e-04    7.0e+01      98.9    8.1e+01      98.5   0.950   0.899   0.447   16.98
     35  0.72  1.0e-04    7.1e+01      98.9    8.2e+01      98.5   0.951   0.904   0.464   16.90
     36  0.74  1.0e-04    7.2e+01      98.9    8.2e+01      98.5   0.952   0.907   0.464   16.97
     37  0.76  1.0e-04    7.3e+01      98.8    8.3e+01      98.6   0.954   0.911   0.482   17.12
     38  0.78  1.0e-04    7.3e+01      98.9    8.4e+01      98.5   0.955   0.913   0.490   17.72
     39  0.80  1.0e-04    7.5e+01      98.8    8.5e+01      98.5   0.956   0.915   0.499   16.99
     40  0.82  1.0e-04    7.5e+01      98.9    8.6e+01      98.5   0.957   0.916   0.508   17.28
     41  0.84  1.0e-04    7.6e+01      98.9    8.6e+01      98.5   0.957   0.917   0.500   17.00
     42  0.86  1.0e-04    7.7e+01      98.9    8.7e+01      98.5   0.958   0.920   0.506   16.79
     43  0.88  1.0e-04    7.8e+01      98.9    8.7e+01      98.5   0.959   0.921   0.517   16.93
     44  0.90  1.0e-04    8.0e+01      98.8    8.9e+01      98.5   0.959   0.922   0.508   16.95
     45  0.92  1.0e-04    8.1e+01      98.7    8.9e+01      98.5   0.960   0.923   0.514   16.73
     46  0.94  1.0e-04    8.2e+01      98.8    9.0e+01      98.5   0.960   0.923   0.522   16.57
     47  0.96  1.0e-04    8.2e+01      98.8    9.1e+01      98.5   0.961   0.924   0.530   16.14
     48  0.98  1.0e-04    8.3e+01      98.7    9.1e+01      98.5   0.961   0.926   0.537   16.06
     49     1  1.0e-04    8.4e+01      98.7    9.2e+01      98.5   0.961   0.927   0.536   15.66
     50     1  1.0e-04    8.3e+01      98.8    9.1e+01      98.5   0.962   0.927   0.535   15.91
     51     1  1.0e-04    8.3e+01      98.8    9.0e+01      98.5   0.962   0.928   0.525   15.60
     52     1  1.0e-04    8.1e+01      98.8    9.0e+01      98.5   0.962   0.928   0.544   15.54
     53     1  1.0e-04    8.3e+01      98.7    9.0e+01      98.5   0.962   0.928   0.535   15.55
     54     1  1.0e-04    8.2e+01      98.7    8.9e+01      98.5   0.963   0.929   0.530   15.71
     55     1  1.0e-04    8.1e+01      98.7    8.9e+01      98.5   0.963   0.929   0.541   15.37
     56     1  1.0e-04    8.2e+01      98.7    8.9e+01      98.5   0.963   0.929   0.537   15.36
     57     1  1.0e-04    8.1e+01      98.7    8.8e+01      98.5   0.963   0.929   0.548   15.13
     58     1  1.0e-04    8.1e+01      98.7    8.8e+01      98.5   0.963   0.929   0.549   15.42
     59     1  1.0e-04    8.1e+01      98.6    8.7e+01      98.6   0.964   0.929   0.535   15.05
     60     1  1.0e-06    8.0e+01      98.7    8.7e+01      98.5   0.964   0.930   0.555   15.41
     61     1  1.0e-05    7.9e+01      98.8    8.7e+01      98.5   0.964   0.931   0.561   15.50
     62     1  1.0e-05    7.8e+01      98.8    8.7e+01      98.5   0.964   0.931   0.564   15.45
     63     1  1.0e-05    7.9e+01      98.7    8.7e+01      98.5   0.964   0.931   0.571   15.32
     64     1  1.0e-05    7.8e+01      98.8    8.7e+01      98.5   0.964   0.932   0.571   15.54
     65     1  1.0e-05    7.9e+01      98.7    8.7e+01      98.5   0.964   0.932   0.574   15.45
     66     1  1.0e-05    7.9e+01      98.7    8.6e+01      98.5   0.964   0.932   0.570   15.58
     67     1  1.0e-05    7.9e+01      98.7    8.7e+01      98.5   0.964   0.932   0.573   15.48
     68     1  1.0e-05    8.0e+01      98.7    8.6e+01      98.5   0.964   0.932   0.575   14.95
     69     1  1.0e-05    7.9e+01      98.7    8.6e+01      98.5   0.964   0.932   0.574   15.16
     70     1  1.0e-05    7.8e+01      98.7    8.6e+01      98.5   0.964   0.933   0.575   15.23
     71     1  1.0e-05    7.9e+01      98.7    8.6e+01      98.5   0.964   0.933   0.575   15.39
     72     1  1.0e-05    7.9e+01      98.7    8.6e+01      98.5   0.964   0.933   0.578   15.29
     73     1  1.0e-05    7.9e+01      98.7    8.6e+01      98.5   0.964   0.933   0.575   15.14
     74     1  1.0e-05    7.8e+01      98.7    8.6e+01      98.5   0.964   0.933   0.576   15.54
     75     1  1.0e-05    8.0e+01      98.6    8.6e+01      98.5   0.964   0.933   0.581   15.65
     76     1  1.0e-05    7.8e+01      98.8    8.6e+01      98.5   0.964   0.933   0.578   15.50
     77     1  1.0e-05    7.9e+01      98.7    8.6e+01      98.5   0.964   0.934   0.580   15.21
     78     1  1.0e-05    7.9e+01      98.7    8.6e+01      98.5   0.965   0.934   0.578   14.98
     79     1  1.0e-05    7.8e+01      98.7    8.6e+01      98.5   0.965   0.934   0.579   15.30
     80     1  1.0e-05    7.9e+01      98.7    8.6e+01      98.5   0.965   0.934   0.578   15.03
     81     1  1.0e-05    7.9e+01      98.7    8.6e+01      98.5   0.965   0.934   0.578   14.92
     82     1  1.0e-05    7.8e+01      98.8    8.6e+01      98.5   0.965   0.934   0.575   14.97
     83     1  1.0e-05    7.8e+01      98.8    8.6e+01      98.5   0.965   0.934   0.577   14.93
     84     1  1.0e-05    7.8e+01      98.7    8.6e+01      98.5   0.965   0.934   0.575   14.76
     85     1  1.0e-05    7.7e+01      98.8    8.6e+01      98.5   0.965   0.934   0.578   14.85
     86     1  1.0e-05    7.9e+01      98.6    8.6e+01      98.5   0.965   0.934   0.578   15.07
     87     1  1.0e-05    7.8e+01      98.7    8.6e+01      98.5   0.965   0.934   0.574   15.01
     88     1  1.0e-05    7.8e+01      98.7    8.6e+01      98.5   0.965   0.935   0.573   14.93
     89     1  1.0e-05    7.8e+01      98.7    8.6e+01      98.5   0.965   0.935   0.576   14.70
     90     1  1.0e-07    7.7e+01      98.8    8.6e+01      98.5   0.965   0.935   0.576   14.95
     91     1  1.0e-06    7.9e+01      98.7    8.6e+01      98.5   0.965   0.935   0.576   14.87
     92     1  1.0e-06    7.9e+01      98.7    8.6e+01      98.5   0.965   0.935   0.575   14.91
     93     1  1.0e-06    7.9e+01      98.7    8.6e+01      98.5   0.965   0.935   0.576   14.95
     94     1  1.0e-06    7.8e+01      98.8    8.6e+01      98.5   0.965   0.935   0.575   15.01
     95     1  1.0e-06    7.7e+01      98.7    8.6e+01      98.5   0.965   0.935   0.575   14.85
     96     1  1.0e-06    7.8e+01      98.7    8.6e+01      98.5   0.965   0.935   0.576   15.09
     97     1  1.0e-06    7.9e+01      98.7    8.6e+01      98.5   0.965   0.935   0.575   15.16
     98     1  1.0e-06    7.8e+01      98.8    8.6e+01      98.5   0.965   0.935   0.576   14.93
     99     1  1.0e-06    7.8e+01      98.7    8.6e+01      98.5   0.965   0.935   0.576   14.79
    100     1  1.0e-06    7.8e+01      98.7    8.6e+01      98.5   0.965   0.935   0.576   14.87
    101     1  1.0e-06    7.8e+01      98.7    8.6e+01      98.5   0.965   0.935   0.576   14.94
    102     1  1.0e-06    7.9e+01      98.7    8.6e+01      98.5   0.965   0.935   0.575   14.97
    103     1  1.0e-06    7.8e+01      98.7    8.6e+01      98.5   0.965   0.935   0.576   14.94
    104     1  1.0e-06    7.8e+01      98.7    8.5e+01      98.5   0.965   0.935   0.575   14.96
    105     1  1.0e-06    7.7e+01      98.7    8.6e+01      98.5   0.965   0.935   0.574   14.85
    106     1  1.0e-06    7.7e+01      98.8    8.6e+01      98.5   0.965   0.935   0.575   15.27
    107     1  1.0e-06    7.8e+01      98.7    8.5e+01      98.5   0.965   0.935   0.574   15.05
    108     1  1.0e-06    7.8e+01      98.7    8.5e+01      98.5   0.965   0.935   0.574   14.82
    109     1  1.0e-06    7.8e+01      98.7    8.5e+01      98.5   0.965   0.935   0.574   14.62
    110     1  1.0e-06    7.8e+01      98.7    8.5e+01      98.5   0.965   0.935   0.575   14.79
    111     1  1.0e-06    7.8e+01      98.7    8.5e+01      98.5   0.965   0.935   0.575   14.47
    112     1  1.0e-06    7.8e+01      98.7    8.5e+01      98.5   0.965   0.935   0.576   14.60
    113     1  1.0e-06    7.8e+01      98.7    8.5e+01      98.5   0.965   0.935   0.574   14.30
    114     1  1.0e-06    7.7e+01      98.7    8.5e+01      98.5   0.965   0.935   0.574   14.50
    115     1  1.0e-06    7.9e+01      98.7    8.5e+01      98.5   0.965   0.935   0.574   14.57
    116     1  1.0e-06    7.8e+01      98.7    8.5e+01      98.5   0.965   0.935   0.574   14.44
    117     1  1.0e-06    7.7e+01      98.8    8.5e+01      98.5   0.965   0.935   0.574   14.39
    118     1  1.0e-06    7.9e+01      98.7    8.5e+01      98.5   0.965   0.935   0.575   14.45
    119     1  1.0e-06    7.7e+01      98.7    8.5e+01      98.5   0.965   0.935   0.575   14.50
    120     1  1.0e-06    7.8e+01      98.7    8.5e+01      98.5   0.965   0.935   0.575   14.47
    121     1  1.0e-06    7.9e+01      98.7    8.5e+01      98.5   0.965   0.935   0.576   14.38
    122     1  1.0e-06    7.8e+01      98.8    8.5e+01      98.5   0.965   0.935   0.576   14.42
    123     1  1.0e-06    7.8e+01      98.7    8.5e+01      98.5   0.965   0.935   0.576   14.34
    124     1  1.0e-06    7.8e+01      98.8    8.5e+01      98.5   0.965   0.935   0.576   14.43
    125     1  1.0e-06    7.7e+01      98.8    8.5e+01      98.5   0.965   0.935   0.576   14.26
    126     1  1.0e-06    7.7e+01      98.8    8.5e+01      98.5   0.965   0.935   0.576   14.50
    127     1  1.0e-06    7.8e+01      98.7    8.5e+01      98.5   0.965   0.935   0.576   14.47
    128     1  1.0e-06    7.8e+01      98.7    8.5e+01      98.5   0.965   0.935   0.576   14.58
    129     1  1.0e-06    7.8e+01      98.7    8.5e+01      98.5   0.965   0.935   0.575   14.54
    130     1  1.0e-06    7.8e+01      98.7    8.5e+01      98.5   0.965   0.935   0.577   14.49
    131     1  1.0e-06    7.8e+01      98.8    8.5e+01      98.5   0.965   0.935   0.575   14.64
    132     1  1.0e-06    7.7e+01      98.8    8.5e+01      98.5   0.965   0.935   0.577   14.37
    133     1  1.0e-06    7.8e+01      98.7    8.5e+01      98.5   0.965   0.935   0.579   14.56
    134     1  1.0e-06    7.8e+01      98.7    8.5e+01      98.5   0.965   0.935   0.577   14.47
    135     1  1.0e-06    7.9e+01      98.7    8.5e+01      98.5   0.965   0.935   0.578   14.47
    136     1  1.0e-06    7.8e+01      98.7    8.5e+01      98.5   0.965   0.935   0.578   14.51
    137     1  1.0e-06    7.8e+01      98.6    8.5e+01      98.5   0.965   0.935   0.577   14.48
    138     1  1.0e-06    7.8e+01      98.7    8.5e+01      98.5   0.965   0.935   0.577   14.51
    139     1  1.0e-06    7.7e+01      98.8    8.5e+01      98.5   0.965   0.935   0.577   14.50
    140     1  1.0e-06    7.8e+01      98.7    8.5e+01      98.5   0.965   0.935   0.577   14.55
    141     1  1.0e-06    7.8e+01      98.7    8.5e+01      98.5   0.965   0.935   0.577   14.53
    142     1  1.0e-06    7.9e+01      98.6    8.5e+01      98.5   0.965   0.935   0.577   14.60
    143     1  1.0e-06    7.8e+01      98.7    8.5e+01      98.5   0.965   0.935   0.577   14.39
    144     1  1.0e-06    7.8e+01      98.7    8.5e+01      98.5   0.965   0.935   0.577   14.56
    145     1  1.0e-06    7.8e+01      98.7    8.5e+01      98.5   0.965   0.935   0.576   14.48
    146     1  1.0e-06    7.7e+01      98.8    8.5e+01      98.5   0.965   0.935   0.576   14.47
    147     1  1.0e-06    7.8e+01      98.7    8.5e+01      98.5   0.965   0.935   0.577   14.25
    148     1  1.0e-06    7.7e+01      98.8    8.5e+01      98.5   0.965   0.935   0.576   14.45
    149     1  1.0e-06    7.8e+01      98.7    8.5e+01      98.5   0.965   0.935   0.577   14.47
    150     1  1.0e-06    7.8e+01      98.7    8.5e+01      98.5   0.965   0.935   0.577   14.53
    151     1  1.0e-06    7.8e+01      98.7    8.5e+01      98.5   0.965   0.935   0.577   14.47
    152     1  1.0e-06    7.8e+01      98.7    8.5e+01      98.5   0.965   0.935   0.577   14.26
    153     1  1.0e-06    7.8e+01      98.7    8.5e+01      98.5   0.965   0.935   0.577   14.44
    154     1  1.0e-06    7.8e+01      98.7    8.5e+01      98.5   0.965   0.935   0.577   14.49
    155     1  1.0e-06    7.8e+01      98.8    8.5e+01      98.5   0.965   0.935   0.577   14.56
    156     1  1.0e-06    7.8e+01      98.7    8.5e+01      98.5   0.965   0.935   0.577   14.61
    157     1  1.0e-06    7.7e+01      98.7    8.5e+01      98.5   0.965   0.935   0.577   14.41
    158     1  1.0e-06    7.8e+01      98.7    8.5e+01      98.5   0.965   0.935   0.577   14.53
    159     1  1.0e-06    7.8e+01      98.7    8.5e+01      98.5   0.965   0.935   0.577   14.49
    160     1  1.0e-06    7.8e+01      98.7    8.5e+01      98.5   0.965   0.935   0.577   14.56
    161     1  1.0e-06    7.7e+01      98.7    8.5e+01      98.5   0.965   0.935   0.577   14.44
    162     1  1.0e-06    7.7e+01      98.7    8.5e+01      98.5   0.965   0.935   0.577   14.50
    163     1  1.0e-06    7.9e+01      98.7    8.5e+01      98.5   0.965   0.935   0.577   14.60
    164     1  1.0e-06    7.7e+01      98.8    8.5e+01      98.5   0.965   0.935   0.579   14.41
    165     1  1.0e-06    7.8e+01      98.7    8.5e+01      98.5   0.965   0.935   0.579   14.40
    166     1  1.0e-06    7.9e+01      98.7    8.5e+01      98.5   0.965   0.935   0.578   14.98
    167     1  1.0e-06    7.8e+01      98.7    8.5e+01      98.5   0.965   0.935   0.580   15.91
    168     1  1.0e-06    7.8e+01      98.7    8.5e+01      98.5   0.965   0.935   0.579   16.42
    169     1  1.0e-06    7.8e+01      98.7    8.5e+01      98.5   0.965   0.935   0.579   17.87
    170     1  1.0e-06    7.7e+01      98.7    8.5e+01      98.5   0.965   0.935   0.580   17.39
    171     1  1.0e-06    7.8e+01      98.7    8.5e+01      98.5   0.965   0.935   0.580   16.58
    172     1  1.0e-06    7.9e+01      98.7    8.5e+01      98.5   0.965   0.935   0.580   16.31
    173     1  1.0e-06    7.7e+01      98.7    8.5e+01      98.5   0.965   0.935   0.580   16.60
    174     1  1.0e-06    7.8e+01      98.7    8.5e+01      98.5   0.965   0.935   0.580   17.30
    175     1  1.0e-06    7.9e+01      98.7    8.5e+01      98.5   0.965   0.935   0.580   17.67
    176     1  1.0e-06    7.8e+01      98.7    8.5e+01      98.5   0.965   0.935   0.580   17.84
    177     1  1.0e-06    7.8e+01      98.7    8.5e+01      98.5   0.965   0.935   0.580   17.90
    178     1  1.0e-06    7.8e+01      98.7    8.5e+01      98.5   0.965   0.935   0.579   18.08
    179     1  1.0e-06    7.7e+01      98.7    8.5e+01      98.5   0.965   0.935   0.579   18.13
    180     1  1.0e-06    7.8e+01      98.7    8.5e+01      98.5   0.965   0.935   0.579   17.99
    181     1  1.0e-06    7.9e+01      98.7    8.5e+01      98.5   0.965   0.935   0.579   17.59
    182     1  1.0e-06    7.7e+01      98.8    8.5e+01      98.5   0.965   0.935   0.579   16.90
    183     1  1.0e-06    7.7e+01      98.7    8.5e+01      98.5   0.965   0.935   0.579   17.31
    184     1  1.0e-06    7.8e+01      98.8    8.5e+01      98.5   0.965   0.935   0.580   16.97
    185     1  1.0e-06    7.8e+01      98.7    8.5e+01      98.5   0.965   0.935   0.579   16.96
    186     1  1.0e-06    7.8e+01      98.7    8.5e+01      98.5   0.965   0.935   0.579   16.95
    187     1  1.0e-06    7.8e+01      98.7    8.5e+01      98.5   0.965   0.935   0.579   17.82
    188     1  1.0e-06    7.8e+01      98.7    8.5e+01      98.5   0.965   0.935   0.579   17.45
    189     1  1.0e-06    7.8e+01      98.7    8.5e+01      98.5   0.965   0.935   0.580   17.24
    190     1  1.0e-06    7.7e+01      98.7    8.5e+01      98.5   0.965   0.935   0.579   16.70
    191     1  1.0e-06    7.8e+01      98.6    8.5e+01      98.5   0.965   0.935   0.579   16.81
    192     1  1.0e-06    7.8e+01      98.7    8.5e+01      98.5   0.965   0.935   0.578   16.67
    193     1  1.0e-06    7.7e+01      98.8    8.5e+01      98.5   0.965   0.935   0.580   16.90
    194     1  1.0e-06    7.8e+01      98.7    8.5e+01      98.5   0.965   0.935   0.579   17.12
    195     1  1.0e-06    7.8e+01      98.7    8.5e+01      98.5   0.965   0.935   0.579   17.00
    196     1  1.0e-06    7.8e+01      98.7    8.5e+01      98.5   0.965   0.935   0.578   17.08
    197     1  1.0e-06    7.8e+01      98.7    8.5e+01      98.5   0.965   0.935   0.578   17.16
    198     1  1.0e-06    7.8e+01      98.7    8.5e+01      98.5   0.965   0.935   0.581   16.98
    199     1  1.0e-06    7.8e+01      98.8    8.5e+01      98.5   0.965   0.935   0.582   16.93
    200     1  1.0e-06    7.7e+01      98.7    8.5e+01      98.5   0.965   0.935   0.582   17.17
